> Task :app:checkKotlinGradlePluginConfigurationErrors SKIPPED
> Task :app:preBuild UP-TO-DATE
> Task :app:preLiteLicCheckNoneNoinetNofsmlDebugBuild UP-TO-DATE
> Task :app:generateLiteLicCheckNoneNoinetNofsmlDebugBuildConfig UP-TO-DATE
> Task :app:checkLiteLicCheckNoneNoinetNofsmlDebugAarMetadata UP-TO-DATE
> Task :app:processLiteLicCheckNoneNoinetNofsmlDebugNavigationResources UP-TO-DATE
> Task :app:compileLiteLicCheckNoneNoinetNofsmlDebugNavigationResources UP-TO-DATE
> Task :app:generateLiteLicCheckNoneNoinetNofsmlDebugResValues UP-TO-DATE
> Task :app:processLiteLicCheckNoneNoinetNofsmlDebugGoogleServices UP-TO-DATE
> Task :app:mapLiteLicCheckNoneNoinetNofsmlDebugSourceSetPaths UP-TO-DATE
> Task :app:generateLiteLicCheckNoneNoinetNofsmlDebugResources UP-TO-DATE
> Task :app:mergeLiteLicCheckNoneNoinetNofsmlDebugResources UP-TO-DATE
> Task :app:packageLiteLicCheckNoneNoinetNofsmlDebugResources UP-TO-DATE
> Task :app:parseLiteLicCheckNoneNoinetNofsmlDebugLocalResources UP-TO-DATE
> Task :app:createLiteLicCheckNoneNoinetNofsmlDebugCompatibleScreenManifests UP-TO-DATE
> Task :app:extractDeepLinksLiteLicCheckNoneNoinetNofsmlDebug UP-TO-DATE
> Task :app:processLiteLicCheckNoneNoinetNofsmlDebugMainManifest UP-TO-DATE
> Task :app:processLiteLicCheckNoneNoinetNofsmlDebugManifest UP-TO-DATE
> Task :app:processLiteLicCheckNoneNoinetNofsmlDebugManifestForPackage UP-TO-DATE
> Task :app:processLiteLicCheckNoneNoinetNofsmlDebugResources UP-TO-DATE
> Task :app:kaptGenerateStubsLiteLicCheckNoneNoinetNofsmlDebugKotlin UP-TO-DATE
> Task :app:kaptLiteLicCheckNoneNoinetNofsmlDebugKotlin FAILED

[Incubating] Problems report is available at: file:///C:/Users/stuib/AndroidStudioProjects/ananta_platform/build/reports/problems/problems-report.html
./gradlew : 
In Zeile:1 Zeichen:1
+ ./gradlew :app:kaptLiteLicCheckNoneNoinetNofsmlDebugKotlin > build_ou ...
+ ~~~~~~~~~~~~~~~~~~~~~~~~~~~~~~~~~~~~~~~~~~~~~~~~~~~~~~~~~~~~~~~~~~~~~
    + CategoryInfo          : NotSpecified: (:String) [], RemoteException
    + FullyQualifiedErrorId : NativeCommandError
 
FAILURE: Build failed with an exception.

* What went wrong:
Execution failed for task ':app:kaptLiteLicCheckNoneNoinetNofsmlDebugKotlin'.
> A failure occurred while executing org.jetbrains.kotlin.gradle.internal.KaptW
ithoutKotlincTask$KaptExecutionWorkAction

* Try:
> Run with --stacktrace option to get the stack trace.
> Run with --info or --debug option to get more log output.
> Run with --scan to get full insights.
> Get more help at https://help.gradle.org.

Deprecated Gradle features were used in this build, making it incompatible with Gradle 9.0.

You can use '--warning-mode all' to show the individual deprecation warnings and determine if they come from your own scripts or plugins.

For more on this, please refer to https://docs.gradle.org/8.13/userguide/command_line_interface.html#sec:command_line_warnings in the Gradle documentation.

BUILD FAILED in 4s
19 actionable tasks: 1 executed, 18 up-to-date
